✓ Initialized. View run at 
https://modal.com/apps/thesreedath/main/ap-Nsj7JpJfSSHGFLutQoAhCx
✓ Created objects.
├── 🔨 Created mount /Users/prometheus/VizzAI/voice agent 
│   research/experiments/modal_qwen2audio_l2arctic.py
└── 🔨 Created function judge_batch.
240 clips to judge (0 already done)
batch 1/3: 96 clips -> Modal A10G

[1ALoading checkpoint shards:   0%|          | 0/5 [00:00<?, ?it/s]
[1ALoading checkpoint shards:  20%|██        | 1/5 [00:03<00:12,  3.07s/it]
[1ALoading checkpoint shards:  40%|████      | 2/5 [00:05<00:07,  2.64s/it]
[1ALoading checkpoint shards:  60%|██████    | 3/5 [00:07<00:05,  2.55s/it]
[1ALoading checkpoint shards:  80%|████████  | 4/5 [00:10<00:02,  2.49s/it]
[1ALoading checkpoint shards: 100%|██████████| 5/5 [00:11<00:00,  2.07s/it]
[1ALoading checkpoint shards: 100%|██████████| 5/5 [00:11<00:00,  2.32s/it]
/usr/local/lib/python3.11/site-packages/transformers/generation/configuration_utils.py:590: UserWarning: `do_sample` is set to `False`. However, `temperature` is set to `0.7` -- this flag is only used in sample-based generation modes. You should set `do_sample=True` or unset `temperature`.
  warnings.warn(
/usr/local/lib/python3.11/site-packages/transformers/generation/configuration_utils.py:595: UserWarning: `do_sample` is set to `False`. However, `top_p` is set to `0.5` -- this flag is only used in sample-based generation modes. You should set `do_sample=True` or unset `top_p`.
  warnings.warn(
/usr/local/lib/python3.11/site-packages/transformers/generation/configuration_utils.py:612: UserWarning: `do_sample` is set to `False`. However, `top_k` is set to `20` -- this flag is only used in sample-based generation modes. You should set `do_sample=True` or unset `top_k`.
  warnings.warn(
We detected that you are passing `past_key_values` as a tuple of tuples. This is deprecated and will be removed in v4.47. Please convert your cache or use an appropriate `Cache` class (https://huggingface.co/docs/transformers/kv_cache#legacy-cache-format)
/usr/local/lib/python3.11/site-packages/transformers/generation/configuration_utils.py:590: UserWarning: `do_sample` is set to `False`. However, `temperature` is set to `0.7` -- this flag is only used in sample-based generation modes. You should set `do_sample=True` or unset `temperature`.
  warnings.warn(
/usr/local/lib/python3.11/site-packages/transformers/generation/configuration_utils.py:595: UserWarning: `do_sample` is set to `False`. However, `top_p` is set to `0.5` -- this flag is only used in sample-based generation modes. You should set `do_sample=True` or unset `top_p`.
  warnings.warn(
/usr/local/lib/python3.11/site-packages/transformers/generation/configuration_utils.py:612: UserWarning: `do_sample` is set to `False`. However, `top_k` is set to `20` -- this flag is only used in sample-based generation modes. You should set `do_sample=True` or unset `top_k`.
  warnings.warn(
  16/96 scored
  32/96 scored
  48/96 scored
  64/96 scored
  80/96 scored
  96/96 scored
batch 1 written (96 rows)
batch 2/3: 96 clips -> Modal A10G

[1ALoading checkpoint shards:   0%|          | 0/5 [00:00<?, ?it/s]
[1ALoading checkpoint shards:  20%|██        | 1/5 [00:02<00:08,  2.09s/it]
[1ALoading checkpoint shards:  40%|████      | 2/5 [00:02<00:03,  1.32s/it]
[1ALoading checkpoint shards:  60%|██████    | 3/5 [00:03<00:02,  1.08s/it]
[1ALoading checkpoint shards:  80%|████████  | 4/5 [00:04<00:00,  1.08it/s]
[1ALoading checkpoint shards: 100%|██████████| 5/5 [00:04<00:00,  1.44it/s]
[1ALoading checkpoint shards: 100%|██████████| 5/5 [00:04<00:00,  1.08it/s]
  16/96 scored
  32/96 scored
  48/96 scored
  64/96 scored
  80/96 scored
  96/96 scored
